export const snapshot = {};

snapshot[`main > should create snapshots 1`] = `{ hello: "world" }`;
